
> ruhsar@0.1.0 build
> next build

 ⚠ Warning: Next.js inferred your workspace root, but it may not be correct.
 We detected multiple lockfiles and selected the directory of C:\Users\WorkFlow\package-lock.json as the root directory.
 To silence this warning, set `outputFileTracingRoot` in your Next.js config, or consider removing one of the lockfiles if it's not needed.
   See https://nextjs.org/docs/app/api-reference/config/next-config-js/output#caveats for more information.
 Detected additional lockfiles: 
   * C:\Users\WorkFlow\Desktop\Ruhsar\package-lock.json

(node:4292) [MODULE_TYPELESS_PACKAGE_JSON] Warning: Module type of file:///C:/Users/WorkFlow/Desktop/Ruhsar/next.config.js is not specified and it doesn't parse as CommonJS.
Reparsing as ES module because module syntax was detected. This incurs a performance overhead.
To eliminate this warning, add "type": "module" to C:\Users\WorkFlow\Desktop\Ruhsar\package.json.
(Use `node --trace-warnings ...` to show where the warning was created)
   ▲ Next.js 15.5.15

   Creating an optimized production build ...
(node:1456) [MODULE_TYPELESS_PACKAGE_JSON] Warning: Module type of file:///C:/Users/WorkFlow/Desktop/Ruhsar/next.config.js is not specified and it doesn't parse as CommonJS.
Reparsing as ES module because module syntax was detected. This incurs a performance overhead.
To eliminate this warning, add "type": "module" to C:\Users\WorkFlow\Desktop\Ruhsar\package.json.
(Use `node --trace-warnings ...` to show where the warning was created)
(node:6116) [MODULE_TYPELESS_PACKAGE_JSON] Warning: Module type of file:///C:/Users/WorkFlow/Desktop/Ruhsar/next.config.js is not specified and it doesn't parse as CommonJS.
Reparsing as ES module because module syntax was detected. This incurs a performance overhead.
To eliminate this warning, add "type": "module" to C:\Users\WorkFlow\Desktop\Ruhsar\package.json.
(Use `node --trace-warnings ...` to show where the warning was created)
(node:16296) [MODULE_TYPELESS_PACKAGE_JSON] Warning: Module type of file:///C:/Users/WorkFlow/Desktop/Ruhsar/next.config.js is not specified and it doesn't parse as CommonJS.
Reparsing as ES module because module syntax was detected. This incurs a performance overhead.
To eliminate this warning, add "type": "module" to C:\Users\WorkFlow\Desktop\Ruhsar\package.json.
(Use `node --trace-warnings ...` to show where the warning was created)
 ✓ Compiled successfully in 7.0s
   Linting and checking validity of types ...

Failed to compile.

./components/Reviews.tsx
85:17  Error: `"` can be escaped with `&quot;`, `&ldquo;`, `&#34;`, `&rdquo;`.  react/no-unescaped-entities
85:31  Error: `"` can be escaped with `&quot;`, `&ldquo;`, `&#34;`, `&rdquo;`.  react/no-unescaped-entities

info  - Need to disable some ESLint rules? Learn more here: https://nextjs.org/docs/app/api-reference/config/eslint#disabling-rules
